<html>
<body>
<pre>
<h1>µVision Build Log</h1>
<h2>Project:</h2>
C:\Keil\TExaSware\Lab6_BranchingFunctionsDelays\Lab6.uvproj
Project File Date:  01/17/2014

<h2>Output:</h2>
Rebuild target 'Lab6'
assembling startup.s...
compiling BranchingFunctionsDelays.c...
BranchingFunctionsDelays.c(106): warning:  #1-D: last line of file ends without a newline
  }
BranchingFunctionsDelays.c: 1 warning, 0 errors
linking...
Program Size: Code=3736 RO-data=5996 RW-data=64 ZI-data=1752  
".\Lab6.axf" - 0 Error(s), 1 Warning(s).
